// Jest Snapshot v1, https://goo.gl/fbAQLP

exports[`WithAudio Component should render correctly WithAudio component 1`] = `
<div>
  <audio />
</div>
`;
