// Jest Snapshot v1, https://goo.gl/fbAQLP

exports[`Should correctly render GenreQuestionScreen 1`] = `
<section
  className="game__screen"
>
  <h2
    className="game__title"
  >
    Выберите 
    jazz
     треки
  </h2>
  <form
    className="game__tracks"
    onSubmit={[Function]}
  >
    <div
      className="track"
    >
      <div
        className="game__answer"
      >
        <input
          checked={false}
          className="game__input visually-hidden"
          id="answer-3"
          name="answer"
          onChange={[Function]}
          type="checkbox"
          value="answer-3"
        />
        <label
          className="game__check"
          htmlFor="answer-3"
        >
          Отметить
        </label>
      </div>
    </div>
    <div
      className="track"
    >
      <div
        className="game__answer"
      >
        <input
          checked={false}
          className="game__input visually-hidden"
          id="answer-4"
          name="answer"
          onChange={[Function]}
          type="checkbox"
          value="answer-4"
        />
        <label
          className="game__check"
          htmlFor="answer-4"
        >
          Отметить
        </label>
      </div>
    </div>
    <div
      className="track"
    >
      <div
        className="game__answer"
      >
        <input
          checked={false}
          className="game__input visually-hidden"
          id="answer-5"
          name="answer"
          onChange={[Function]}
          type="checkbox"
          value="answer-5"
        />
        <label
          className="game__check"
          htmlFor="answer-5"
        >
          Отметить
        </label>
      </div>
    </div>
    <div
      className="track"
    >
      <div
        className="game__answer"
      >
        <input
          checked={false}
          className="game__input visually-hidden"
          id="answer-6"
          name="answer"
          onChange={[Function]}
          type="checkbox"
          value="answer-6"
        />
        <label
          className="game__check"
          htmlFor="answer-6"
        >
          Отметить
        </label>
      </div>
    </div>
    <button
      className="game__submit button"
      type="submit"
    >
      Ответить
    </button>
  </form>
</section>
`;
